scons: Reading SConscript files ...
Checking if  CC is really gcc...(cached) yes
Checking for C++ header file tr1/unordered_map... (cached) yes
Checking for C++ header file boost/version.hpp... (cached) yes
Checking for C++ library boost_system-xgcc40-mt... (cached) yes
Checking for C++ header file boost/version.hpp... (cached) yes
Checking for C++ library boost_filesystem-xgcc40-mt... (cached) yes
Checking for C++ header file boost/regex.hpp... (cached) yes
Checking for C++ library boost_regex-xgcc40-mt... (cached) yes
Checking for C++ header file boost/filesystem.hpp... (cached) yes
Checking for C++ library boost_system-xgcc40-mt... (cached) yes
Checking for C++ header file boost/serialization/base_object.hpp... (cached) yes
Checking for C++ library boost_serialization-xgcc40-mt... (cached) yes
Checking for C++ header file boost/test/unit_test.hpp... (cached) yes
Checking for C++ library boost_unit_test_framework-xgcc40-mt... (cached) yes
Checking for C++ header file lsst/base.h... (cached) yes
Checking for C++ header file Python.h... (cached) yes
Checking for sqrt() in C library m... (cached) yes
Checking for C++ header file fitsio.h... (cached) yes
Checking for ffopen() in C library cfitsio... (cached) yes
Checking for C++ header file wcslib/wcs.h... (cached) yes
Checking for C library wcs... (cached) yes
Checking for C++ header file xpa.h... (cached) yes
Checking for XPAPuts() in C library xpa... (cached) yes
Checking for C++ header file Minuit2/FCNBase.h... (cached) yes
Checking for C++ library Minuit2... (cached) yes
Checking for C++ header file gsl/gsl_rng.h... (cached) yes
Checking for C library gslcblas... (cached) yes
Checking for C library gsl... (cached) yes
Checking for C++ header file lsst/pex/exceptions.h... (cached) yes
Checking for C++ library pex_exceptions... (cached) yes
Checking for C++ header file lsst/utils/Utils.h... (cached) yes
Checking for C++ library utils... (cached) yes
Checking for C++ header file lsst/daf/base.h... (cached) yes
Checking for C++ library daf_base... (cached) yes
Checking for C++ header file lsst/pex/logging/Trace.h... (cached) yes
Checking for C++ library pex_logging... (cached) yes
Checking for C++ header file lsst/security/Security.h... (cached) yes
Checking for C++ library security... (cached) yes
Checking for C++ header file lsst/pex/policy/Policy.h... (cached) yes
Checking for C++ library pex_policy... (cached) yes
Checking for C++ header file lsst/daf/persistence.h... (cached) yes
Checking for C++ library daf_persistence... (cached) yes
Checking for C++ header file lsst/daf/data.h... (cached) yes
Checking for C++ library daf_data... (cached) yes
Checking for C++ header file Eigen/Core.h... (cached) yes
Checking for C++ header file fftw3.h... (cached) yes
Checking for C library fftw3... (cached) yes
WARNING: No database authenticator seen
Database tests may be skipped or may fail
Skipping numpyEigen.py
Skipping testEigenLib.py
Skipping testLib.py
scons: done reading SConscript files.
scons: Building targets ...
g++ -o src/math/ConvolveImage.os -c -g -Wall -O3 -DLSST_HAVE_TR1=1 -DLSST_LITTLE_ENDIAN=1 -I /Users/bick/usr/src/lsst/DarwinX86/external/numpy/1.2.1/lib/python/numpy/core/include -fPIC -I/Users/bick/usr/src/lsst/DarwinX86/external/boost/1.37.0/include -I/Users/bick/usr/src/lsst/DarwinX86/base/3.1.4/include -I/Users/bick/usr/src/lsst/DarwinX86/external/python/2.5.2/include/python2.5 -I/Users/bick/usr/src/lsst/DarwinX86/external/python/2.5.2/include -I/Users/bick/usr/src/lsst/DarwinX86/external/cfitsio/3006.2/include -I/Users/bick/usr/src/lsst/DarwinX86/external/wcslib/4.4.4/include -I/Users/bick/usr/src/lsst/DarwinX86/external/xpa/2.1.7b2/include -I/Users/bick/usr/src/lsst/DarwinX86/external/minuit2/5.22.00+1/include -I/Users/bick/usr/src/lsst/DarwinX86/external/gsl/1.8/include -I/Users/bick/usr/src/lsst/DarwinX86/pex_exceptions/3.2.2/include -I/Users/bick/usr/src/lsst/DarwinX86/utils/3.4.5/include -I/Users/bick/usr/src/lsst/DarwinX86/daf_base/3.2.14/include -I/Users/bick/usr/src/lsst/DarwinX86/pex_logging/3.4.1/include -I/Users/bick/usr/src/lsst/DarwinX86/security/3.2.2/include -I/Users/bick/usr/src/lsst/DarwinX86/pex_policy/3.5.2/include -I/Users/bick/usr/src/lsst/DarwinX86/daf_persistence/3.3.14/include -I/Users/bick/usr/src/lsst/DarwinX86/daf_data/3.2.4/include -I/Users/bick/usr/src/lsst/DarwinX86/external/eigen/2.0.0/include -I/Users/bick/usr/src/lsst/DarwinX86/external/fftw/3.1.2+1/include -Iinclude src/math/ConvolveImage.cc
include/lsst/afw/math/detail/Convolve.h:171: error: 'afwGoof' has not been declared
