scons: Reading SConscript files ...
Checking if  CC is really gcc...(cached) yes
Checking for C++ header file tr1/unordered_map... (cached) yes
Checking for C++ header file boost/version.hpp... (cached) yes
Checking for C++ library boost_system-gcc43-mt... (cached) yes
Checking for C++ header file boost/version.hpp... (cached) yes
Checking for C++ library boost_filesystem-gcc43-mt... (cached) yes
Checking for C++ header file boost/regex.hpp... (cached) yes
Checking for C++ library boost_regex-gcc43-mt... (cached) yes
Checking for C++ header file boost/filesystem.hpp... (cached) yes
Checking for C++ library boost_system-gcc43-mt... (cached) yes
Checking for C++ header file boost/serialization/base_object.hpp... (cached) yes
Checking for C++ library boost_serialization-gcc43-mt... (cached) yes
Checking for C++ header file boost/test/unit_test.hpp... (cached) yes
Checking for C++ library boost_unit_test_framework-gcc43-mt... (cached) yes
Checking for C++ header file lsst/base.h... (cached) yes
Checking for C++ header file Python.h... (cached) yes
Checking for sqrt() in C library m... (cached) yes
Checking for C++ header file fitsio.h... (cached) yes
Checking for ffopen() in C library cfitsio... (cached) yes
Checking for C++ header file wcslib/wcs.h... (cached) yes
Checking for C library wcs... (cached) yes
Checking for C++ header file xpa.h... (cached) yes
Checking for XPAPuts() in C library xpa... (cached) yes
Checking for C++ header file Minuit2/FCNBase.h... (cached) yes
Checking for C++ library Minuit2... (cached) yes
Checking for C++ header file gsl/gsl_rng.h... (cached) yes
Checking for C library gslcblas... (cached) yes
Checking for C library gsl... (cached) yes
Checking for C++ header file lsst/pex/exceptions.h... (cached) yes
Checking for C++ library pex_exceptions... (cached) yes
Checking for C++ header file lsst/utils/Utils.h... (cached) yes
Checking for C++ library utils... (cached) yes
Checking for C++ header file lsst/daf/base.h... (cached) yes
Checking for C++ library daf_base... (cached) yes
Checking for C++ header file lsst/pex/logging/Trace.h... (cached) yes
Checking for C++ library pex_logging... (cached) yes
Checking for C++ header file lsst/security/Security.h... (cached) yes
Checking for C++ library security... (cached) yes
Checking for C++ header file lsst/pex/policy/Policy.h... (cached) yes
Checking for C++ library pex_policy... (cached) yes
Checking for C++ header file lsst/daf/persistence.h... (cached) yes
Checking for C++ library daf_persistence... (cached) yes
Checking for C++ header file lsst/daf/data.h... (cached) yes
Checking for C++ library daf_data... (cached) yes
Checking for C++ header file Eigen/Core.h... (cached) yes
Checking for C++ header file fftw3.h... (cached) yes
Checking for C library fftw3... (cached) yes
WARNING: No database authenticator seen
Database tests may be skipped or may fail
Skipping numpyEigen.py
Skipping testLib.py
Skipping testEigenLib.py
scons: done reading SConscript files.
scons: Building targets ...
swig -o examples/testSpatialCellLib_wrap.cc -c++ -python -I/scr/jeeves0/lsst/Linux64/external/boost/1.37.0/include -I/u/lsst/products/Linux64/base/3.1.4/include -I/scr/jeeves0/lsst/Linux64/external/python/2.5.2/include/python2.5 -I/scr/jeeves0/lsst/Linux64/external/python/2.5.2/include -I/scr/jeeves0/lsst/Linux64/external/cfitsio/3006.2/include -I/scr/jeeves0/lsst/Linux64/external/wcslib/4.4.4/include -I/scr/jeeves0/lsst/Linux64/external/xpa/2.1.7b2/include -I/scr/jeeves0/lsst/Linux64/external/minuit2/5.22.00+1/include -I/scr/jeeves0/lsst/Linux64/external/gsl/1.8/include -I/scr/jeeves0/lsst/Linux64/pex_exceptions/3.2.2/include -I/scr/jeeves0/lsst/Linux64/utils/3.4.5/include -I/scr/jeeves0/lsst/Linux64/daf_base/3.2.14/include -I/scr/jeeves0/lsst/Linux64/pex_logging/3.4.1/include -I/scr/jeeves0/lsst/Linux64/security/3.2.2/include -I/scr/jeeves0/lsst/Linux64/pex_policy/3.5.2/include -I/scr/jeeves0/lsst/Linux64/daf_persistence/3.3.14/include -I/u/lsst/products/Linux64/daf_data/3.2.4/include -I/scr/jeeves0/lsst/Linux64/external/eigen/2.0.0/include -I/scr/jeeves0/lsst/Linux64/external/fftw/3.1.2+1/include -I/scr/hammer51/users/bick/sandbox/lsst/afw-trnk/include -I/scr/hammer51/users/bick/sandbox/lsst/afw-trnk/python -I/scr/jeeves0/lsst/Linux64/utils/3.4.5/python -I/scr/jeeves0/lsst/Linux64/daf_base/3.2.14/python -I/scr/jeeves0/lsst/Linux64/daf_persistence/3.3.14/python -I/u/lsst/products/Linux64/daf_data/3.2.4/python -I/scr/jeeves0/lsst/Linux64/pex_exceptions/3.2.2/python -I/scr/jeeves0/lsst/Linux64/pex_logging/3.4.1/python -I/scr/jeeves0/lsst/Linux64/pex_policy/3.5.2/python -I/scr/jeeves0/lsst/Linux64/security/3.2.2/python examples/testSpatialCellLib.i
g++ -o examples/testSpatialCell.os -c -g -O3 -DLSST_HAVE_TR1=1 -DLSST_LITTLE_ENDIAN=1 -I /u/lsst/products/Linux64/external/numpy/1.2.1/lib/python/numpy/core/include -fPIC -I/scr/jeeves0/lsst/Linux64/external/boost/1.37.0/include -I/u/lsst/products/Linux64/base/3.1.4/include -I/scr/jeeves0/lsst/Linux64/external/python/2.5.2/include/python2.5 -I/scr/jeeves0/lsst/Linux64/external/python/2.5.2/include -I/scr/jeeves0/lsst/Linux64/external/cfitsio/3006.2/include -I/scr/jeeves0/lsst/Linux64/external/wcslib/4.4.4/include -I/scr/jeeves0/lsst/Linux64/external/xpa/2.1.7b2/include -I/scr/jeeves0/lsst/Linux64/external/minuit2/5.22.00+1/include -I/scr/jeeves0/lsst/Linux64/external/gsl/1.8/include -I/scr/jeeves0/lsst/Linux64/pex_exceptions/3.2.2/include -I/scr/jeeves0/lsst/Linux64/utils/3.4.5/include -I/scr/jeeves0/lsst/Linux64/daf_base/3.2.14/include -I/scr/jeeves0/lsst/Linux64/pex_logging/3.4.1/include -I/scr/jeeves0/lsst/Linux64/security/3.2.2/include -I/scr/jeeves0/lsst/Linux64/pex_policy/3.5.2/include -I/scr/jeeves0/lsst/Linux64/daf_persistence/3.3.14/include -I/u/lsst/products/Linux64/daf_data/3.2.4/include -I/scr/jeeves0/lsst/Linux64/external/eigen/2.0.0/include -I/scr/jeeves0/lsst/Linux64/external/fftw/3.1.2+1/include -Iinclude examples/testSpatialCell.cc
g++ -o src/detection/Footprint.os -c -g -Wall -O3 -DLSST_HAVE_TR1=1 -DLSST_LITTLE_ENDIAN=1 -I /u/lsst/products/Linux64/external/numpy/1.2.1/lib/python/numpy/core/include -fPIC -I/scr/jeeves0/lsst/Linux64/external/boost/1.37.0/include -I/u/lsst/products/Linux64/base/3.1.4/include -I/scr/jeeves0/lsst/Linux64/external/python/2.5.2/include/python2.5 -I/scr/jeeves0/lsst/Linux64/external/python/2.5.2/include -I/scr/jeeves0/lsst/Linux64/external/cfitsio/3006.2/include -I/scr/jeeves0/lsst/Linux64/external/wcslib/4.4.4/include -I/scr/jeeves0/lsst/Linux64/external/xpa/2.1.7b2/include -I/scr/jeeves0/lsst/Linux64/external/minuit2/5.22.00+1/include -I/scr/jeeves0/lsst/Linux64/external/gsl/1.8/include -I/scr/jeeves0/lsst/Linux64/pex_exceptions/3.2.2/include -I/scr/jeeves0/lsst/Linux64/utils/3.4.5/include -I/scr/jeeves0/lsst/Linux64/daf_base/3.2.14/include -I/scr/jeeves0/lsst/Linux64/pex_logging/3.4.1/include -I/scr/jeeves0/lsst/Linux64/security/3.2.2/include -I/scr/jeeves0/lsst/Linux64/pex_policy/3.5.2/include -I/scr/jeeves0/lsst/Linux64/daf_persistence/3.3.14/include -I/u/lsst/products/Linux64/daf_data/3.2.4/include -I/scr/jeeves0/lsst/Linux64/external/eigen/2.0.0/include -I/scr/jeeves0/lsst/Linux64/external/fftw/3.1.2+1/include -Iinclude src/detection/Footprint.cc
g++ -o src/detection/dgPSF.os -c -g -Wall -O3 -DLSST_HAVE_TR1=1 -DLSST_LITTLE_ENDIAN=1 -I /u/lsst/products/Linux64/external/numpy/1.2.1/lib/python/numpy/core/include -fPIC -I/scr/jeeves0/lsst/Linux64/external/boost/1.37.0/include -I/u/lsst/products/Linux64/base/3.1.4/include -I/scr/jeeves0/lsst/Linux64/external/python/2.5.2/include/python2.5 -I/scr/jeeves0/lsst/Linux64/external/python/2.5.2/include -I/scr/jeeves0/lsst/Linux64/external/cfitsio/3006.2/include -I/scr/jeeves0/lsst/Linux64/external/wcslib/4.4.4/include -I/scr/jeeves0/lsst/Linux64/external/xpa/2.1.7b2/include -I/scr/jeeves0/lsst/Linux64/external/minuit2/5.22.00+1/include -I/scr/jeeves0/lsst/Linux64/external/gsl/1.8/include -I/scr/jeeves0/lsst/Linux64/pex_exceptions/3.2.2/include -I/scr/jeeves0/lsst/Linux64/utils/3.4.5/include -I/scr/jeeves0/lsst/Linux64/daf_base/3.2.14/include -I/scr/jeeves0/lsst/Linux64/pex_logging/3.4.1/include -I/scr/jeeves0/lsst/Linux64/security/3.2.2/include -I/scr/jeeves0/lsst/Linux64/pex_policy/3.5.2/include -I/scr/jeeves0/lsst/Linux64/daf_persistence/3.3.14/include -I/u/lsst/products/Linux64/daf_data/3.2.4/include -I/scr/jeeves0/lsst/Linux64/external/eigen/2.0.0/include -I/scr/jeeves0/lsst/Linux64/external/fftw/3.1.2+1/include -Iinclude src/detection/dgPSF.cc
g++ -o src/math/ConvolveImage.os -c -g -Wall -O3 -DLSST_HAVE_TR1=1 -DLSST_LITTLE_ENDIAN=1 -I /u/lsst/products/Linux64/external/numpy/1.2.1/lib/python/numpy/core/include -fPIC -I/scr/jeeves0/lsst/Linux64/external/boost/1.37.0/include -I/u/lsst/products/Linux64/base/3.1.4/include -I/scr/jeeves0/lsst/Linux64/external/python/2.5.2/include/python2.5 -I/scr/jeeves0/lsst/Linux64/external/python/2.5.2/include -I/scr/jeeves0/lsst/Linux64/external/cfitsio/3006.2/include -I/scr/jeeves0/lsst/Linux64/external/wcslib/4.4.4/include -I/scr/jeeves0/lsst/Linux64/external/xpa/2.1.7b2/include -I/scr/jeeves0/lsst/Linux64/external/minuit2/5.22.00+1/include -I/scr/jeeves0/lsst/Linux64/external/gsl/1.8/include -I/scr/jeeves0/lsst/Linux64/pex_exceptions/3.2.2/include -I/scr/jeeves0/lsst/Linux64/utils/3.4.5/include -I/scr/jeeves0/lsst/Linux64/daf_base/3.2.14/include -I/scr/jeeves0/lsst/Linux64/pex_logging/3.4.1/include -I/scr/jeeves0/lsst/Linux64/security/3.2.2/include -I/scr/jeeves0/lsst/Linux64/pex_policy/3.5.2/include -I/scr/jeeves0/lsst/Linux64/daf_persistence/3.3.14/include -I/u/lsst/products/Linux64/daf_data/3.2.4/include -I/scr/jeeves0/lsst/Linux64/external/eigen/2.0.0/include -I/scr/jeeves0/lsst/Linux64/external/fftw/3.1.2+1/include -Iinclude src/math/ConvolveImage.cc
In file included from src/math/ConvolveImage.cc:50:
include/lsst/afw/math/detail/Convolve.h:174: error: 'afwGoof' has not been declared
/scr/jeeves0/lsst/Linux64/pex_policy/3.5.2/include/lsst/pex/policy/PolicyStreamDestination.h:26: Warning(401): Nothing known about base class 'PolicyDestination'. Ignored.
g++ -o src/math/detail/BasicConvolve.os -c -g -Wall -O3 -DLSST_HAVE_TR1=1 -DLSST_LITTLE_ENDIAN=1 -I /u/lsst/products/Linux64/external/numpy/1.2.1/lib/python/numpy/core/include -fPIC -I/scr/jeeves0/lsst/Linux64/external/boost/1.37.0/include -I/u/lsst/products/Linux64/base/3.1.4/include -I/scr/jeeves0/lsst/Linux64/external/python/2.5.2/include/python2.5 -I/scr/jeeves0/lsst/Linux64/external/python/2.5.2/include -I/scr/jeeves0/lsst/Linux64/external/cfitsio/3006.2/include -I/scr/jeeves0/lsst/Linux64/external/wcslib/4.4.4/include -I/scr/jeeves0/lsst/Linux64/external/xpa/2.1.7b2/include -I/scr/jeeves0/lsst/Linux64/external/minuit2/5.22.00+1/include -I/scr/jeeves0/lsst/Linux64/external/gsl/1.8/include -I/scr/jeeves0/lsst/Linux64/pex_exceptions/3.2.2/include -I/scr/jeeves0/lsst/Linux64/utils/3.4.5/include -I/scr/jeeves0/lsst/Linux64/daf_base/3.2.14/include -I/scr/jeeves0/lsst/Linux64/pex_logging/3.4.1/include -I/scr/jeeves0/lsst/Linux64/security/3.2.2/include -I/scr/jeeves0/lsst/Linux64/pex_policy/3.5.2/include -I/scr/jeeves0/lsst/Linux64/daf_persistence/3.3.14/include -I/u/lsst/products/Linux64/daf_data/3.2.4/include -I/scr/jeeves0/lsst/Linux64/external/eigen/2.0.0/include -I/scr/jeeves0/lsst/Linux64/external/fftw/3.1.2+1/include -Iinclude src/math/detail/BasicConvolve.cc
g++ -o src/math/detail/KernelImagesForRegion.os -c -g -Wall -O3 -DLSST_HAVE_TR1=1 -DLSST_LITTLE_ENDIAN=1 -I /u/lsst/products/Linux64/external/numpy/1.2.1/lib/python/numpy/core/include -fPIC -I/scr/jeeves0/lsst/Linux64/external/boost/1.37.0/include -I/u/lsst/products/Linux64/base/3.1.4/include -I/scr/jeeves0/lsst/Linux64/external/python/2.5.2/include/python2.5 -I/scr/jeeves0/lsst/Linux64/external/python/2.5.2/include -I/scr/jeeves0/lsst/Linux64/external/cfitsio/3006.2/include -I/scr/jeeves0/lsst/Linux64/external/wcslib/4.4.4/include -I/scr/jeeves0/lsst/Linux64/external/xpa/2.1.7b2/include -I/scr/jeeves0/lsst/Linux64/external/minuit2/5.22.00+1/include -I/scr/jeeves0/lsst/Linux64/external/gsl/1.8/include -I/scr/jeeves0/lsst/Linux64/pex_exceptions/3.2.2/include -I/scr/jeeves0/lsst/Linux64/utils/3.4.5/include -I/scr/jeeves0/lsst/Linux64/daf_base/3.2.14/include -I/scr/jeeves0/lsst/Linux64/pex_logging/3.4.1/include -I/scr/jeeves0/lsst/Linux64/security/3.2.2/include -I/scr/jeeves0/lsst/Linux64/pex_policy/3.5.2/include -I/scr/jeeves0/lsst/Linux64/daf_persistence/3.3.14/include -I/u/lsst/products/Linux64/daf_data/3.2.4/include -I/scr/jeeves0/lsst/Linux64/external/eigen/2.0.0/include -I/scr/jeeves0/lsst/Linux64/external/fftw/3.1.2+1/include -Iinclude src/math/detail/KernelImagesForRegion.cc
/scr/jeeves0/lsst/Linux64/external/boost/1.37.0/include/boost/system/error_code.hpp:205: warning: 'boost::system::system_category' defined but not used
/scr/jeeves0/lsst/Linux64/external/boost/1.37.0/include/boost/system/error_code.hpp:206: warning: 'boost::system::generic_category' defined but not used
/scr/jeeves0/lsst/Linux64/external/boost/1.37.0/include/boost/system/error_code.hpp:210: warning: 'boost::system::posix_category' defined but not used
/scr/jeeves0/lsst/Linux64/external/boost/1.37.0/include/boost/system/error_code.hpp:211: warning: 'boost::system::errno_ecat' defined but not used
/scr/jeeves0/lsst/Linux64/external/boost/1.37.0/include/boost/system/error_code.hpp:212: warning: 'boost::system::native_ecat' defined but not used
scons: *** [src/math/ConvolveImage.os] Error 1
In file included from src/math/detail/KernelImagesForRegion.cc:45:
include/lsst/afw/math/detail/Convolve.h:174: error: 'afwGoof' has not been declared
In file included from src/math/detail/BasicConvolve.cc:47:
include/lsst/afw/math/detail/Convolve.h:174: error: 'afwGoof' has not been declared
/scr/jeeves0/lsst/Linux64/external/boost/1.37.0/include/boost/system/error_code.hpp:205: warning: 'boost::system::system_category' defined but not used
/scr/jeeves0/lsst/Linux64/external/boost/1.37.0/include/boost/system/error_code.hpp:206: warning: 'boost::system::generic_category' defined but not used
/scr/jeeves0/lsst/Linux64/external/boost/1.37.0/include/boost/system/error_code.hpp:210: warning: 'boost::system::posix_category' defined but not used
/scr/jeeves0/lsst/Linux64/external/boost/1.37.0/include/boost/system/error_code.hpp:211: warning: 'boost::system::errno_ecat' defined but not used
/scr/jeeves0/lsst/Linux64/external/boost/1.37.0/include/boost/system/error_code.hpp:212: warning: 'boost::system::native_ecat' defined but not used
scons: *** [src/math/detail/KernelImagesForRegion.os] Error 1
/scr/jeeves0/lsst/Linux64/external/boost/1.37.0/include/boost/system/error_code.hpp:205: warning: 'boost::system::system_category' defined but not used
/scr/jeeves0/lsst/Linux64/external/boost/1.37.0/include/boost/system/error_code.hpp:206: warning: 'boost::system::generic_category' defined but not used
/scr/jeeves0/lsst/Linux64/external/boost/1.37.0/include/boost/system/error_code.hpp:210: warning: 'boost::system::posix_category' defined but not used
/scr/jeeves0/lsst/Linux64/external/boost/1.37.0/include/boost/system/error_code.hpp:211: warning: 'boost::system::errno_ecat' defined but not used
/scr/jeeves0/lsst/Linux64/external/boost/1.37.0/include/boost/system/error_code.hpp:212: warning: 'boost::system::native_ecat' defined but not used
scons: *** [src/math/detail/BasicConvolve.os] Error 1
scons: building terminated because of errors.
